// Jest Snapshot v1, https://goo.gl/fbAQLP

exports[`ProjectsPage.styles Container DEVE ser igual ao snapshot 1`] = `
.c0 {
  display: flex;
  justify-content: center;
  align-items: center;
  width: 100%;
  height: 100%;
}

<div>
  <div
    class="c0"
  />
</div>
`;

exports[`ProjectsPage.styles Image DEVE ser igual ao snapshot 1`] = `
.c0 {
  pointer-events: auto;
  cursor: default;
  transform: rotate(0deg);
}

<div>
  <img
    class="c0 "
    data-testid="img"
    height="23.563rem"
    src="test-file-stub"
    width="23.563rem"
  />
</div>
`;
